<?xml version="1.0" encoding="utf-8"?><functions dir=""><function file="basic/trivial.h" name="isBraceFormat" varargs="no" rettype="bool"></function><function file="basic/trivial.h" name="getDirectiveNestLevel" varargs="no" rettype="unsigned int"></function><function file="basic/trivial.h" name="cppInit" varargs="no" rettype="void"><param number="1" type="const boolean *" /><param number="2" type="char" /></function><function file="basic/trivial.h" name="cppUngetc" varargs="yes" rettype="void"><param number="1" type="char *" /></function></functions>
