<?xml version="1.0" encoding="utf-8"?>
<functions dir="">
    <function file="ext/PAR.h" name="func1" varargs="no" rettype="int">
        <param number="1" type="int *" />
        <param number="2" type="const   float" />
        <param number="3" type="const char[]" />
    </function>
    <function file="ext/PAR.h" name="func2" varargs="yes" rettype="int * (*    )(int)">
        <param number="1" type="void (*)(int)" />
    </function>
    <function file="ext/PAR.h" name="func3" varargs="no" rettype="int * (*           )(const int (*)[10])">
        <param number="1" type="void ** (*) (int *, char **(*)(char *, char **))" />
    </function>
</functions>
