<?xml version="1.0" encoding="utf-8"?><functions dir=""><function file="basic/subdir/subsubdir/whitespace.h" name="lineBreak" varargs="no" rettype="extern inline void"></function><function file="basic/subdir/subsubdir/whitespace.h" name="debugPrintf" varargs="yes" rettype="extern inline void"><param number="1" type="const enum eDebugLevels" /><param number="2" type="const char*const" /></function><function file="basic/subdir/subsubdir/whitespace.h" name="debugPutc" varargs="no" rettype="extern void"><param number="1" type="const int" /><param number="2" type="const int" /></function></functions>
