<?xml version="1.0" encoding="utf-8"?>
<functions dir="./">
    <function file="basic/trivial.h" name="isBraceFormat" varargs="no" rettype="bool">
    </function>
    <function file="basic/trivial.h" name="getDirectiveNestLevel" varargs="no" rettype="unsigned int">
    </function>
    <function file="basic/trivial.h" name="cppInit" varargs="no" rettype="void">
        <param number="1" type="const boolean *" />
        <param number="2" type="char" />
    </function>
    <function file="basic/trivial.h" name="cppUngetc" varargs="yes" rettype="void">
        <param number="1" type="char *" />
    </function>
    <function file="basic/more.h" name="f" varargs="no" rettype="void">
        <param number="1" type="int" />
    </function>
    <function file="basic/more.h" name="h" varargs="no" rettype="void">
        <param number="1" type="int" />
    </function>
    <function file="basic/more.h" name="f" varargs="no" rettype="double">
        <param number="1" type="int" />
        <param number="2" type="int" />
    </function>
    <function file="basic/more.h" name="f" varargs="no" rettype="double">
        <param number="1" type="int" />
        <param number="2" type="int" />
    </function>
    <function file="basic/subdir/subsubdir/whitespace.h" name="lineBreak" varargs="no" rettype="extern inline void">
    </function>
    <function file="basic/subdir/subsubdir/whitespace.h" name="debugPrintf" varargs="yes" rettype="extern      inline void">
        <param number="1" type="const enum eDebugLevels" />
        <param number="2" type="const char   		*  const" />
    </function>
    <function file="basic/subdir/subsubdir/whitespace.h" name="debugPutc" varargs="no" rettype="extern void">
        <param number="1" type="const int" />
        <param number="2" type="const int" />
    </function>
</functions>
