/homes/kazi/krivka/ipp/perl/tests/cst/Student/dir/file.c 11
CELKEM:                                                  11
