/homes/kazi/krivka/ipp/perl/tests/cst/Student/dir/file.c        20
/homes/kazi/krivka/ipp/perl/tests/cst/Student/dir/subdir/file.h  1
CELKEM:                                                         21
