/homes/kazi/krivka/ipp/perl/tests/cst/Student/dir/file.c 13
CELKEM:                                                  13
