/homes/kazi/krivka/ipp/perl/tests/cst/Student/dir/file.c        11
/homes/kazi/krivka/ipp/perl/tests/cst/Student/dir/subdir/file.h  4
CELKEM:                                                         15
