/homes/kazi/krivka/ipp/perl/tests/cst/Student/dir/file.c          0
/homes/kazi/krivka/ipp/perl/tests/cst/Student/dir/subdir/file.h 100
CELKEM:                                                         100
