/homes/kazi/krivka/ipp/perl/tests/cst/Student/dir/file.c 89
CELKEM:                                                  89
